[debug] [2026-06-08T13:14:52.441Z] ----------------------------------------------------------------------
[debug] [2026-06-08T13:14:52.443Z] Command:       C:\Program Files\nodejs\node.exe C:\Users\mudar\AppData\Roaming\npm\node_modules\firebase-tools\lib\bin\firebase.js init
[debug] [2026-06-08T13:14:52.444Z] CLI Version:   14.11.1
[debug] [2026-06-08T13:14:52.444Z] Platform:      win32
[debug] [2026-06-08T13:14:52.444Z] Node Version:  v22.17.1
[debug] [2026-06-08T13:14:52.444Z] Time:          Mon Jun 08 2026 18:44:52 GMT+0530 (India Standard Time)
[debug] [2026-06-08T13:14:52.444Z] ----------------------------------------------------------------------
[debug] 
[debug] [2026-06-08T13:14:52.446Z] >>> [apiv2][query] GET https://firebase-public.firebaseio.com/cli.json [none]
[debug] [2026-06-08T13:14:52.667Z] > command requires scopes: ["email","openid","https://www.googleapis.com/auth/cloudplatformprojects.readonly","https://www.googleapis.com/auth/firebase","https://www.googleapis.com/auth/cloud-platform"]
[debug] [2026-06-08T13:14:52.668Z] > authorizing via signed-in user (mudar.shussain@gmail.com)
[info] 
     ######## #### ########  ######## ########     ###     ######  ########
     ##        ##  ##     ## ##       ##     ##  ##   ##  ##       ##
     ######    ##  ########  ######   ########  #########  ######  ######
     ##        ##  ##    ##  ##       ##     ## ##     ##       ## ##
     ##       #### ##     ## ######## ########  ##     ##  ######  ########

You're about to initialize a Firebase project in this directory:

  C:\Users\mudar\IdeaProjects\MudarHussain

Before we get started, keep in mind:

  * You are initializing within an existing Firebase project directory

[debug] [2026-06-08T13:14:53.597Z] <<< [apiv2][status] GET https://firebase-public.firebaseio.com/cli.json 200
[debug] [2026-06-08T13:14:53.597Z] <<< [apiv2][body] GET https://firebase-public.firebaseio.com/cli.json {"cloudBuildErrorAfter":1594252800000,"cloudBuildWarnAfter":1590019200000,"defaultNode10After":1594252800000,"minVersion":"3.0.5","node8DeploysDisabledAfter":1613390400000,"node8RuntimeDisabledAfter":1615809600000,"node8WarnAfter":1600128000000}
[info] 
=== Project Setup
[info] 
[info] First, let's associate this project directory with a Firebase project.
[info] You can create multiple project aliases by running firebase use --add, 
[info] but for now we'll just set up a default project.
[info] 
[debug] [2026-06-08T13:15:45.694Z] Using project from CLI flag: mudar-hussain
[debug] [2026-06-08T13:15:45.694Z] Checked if tokens are valid: false, expires at: 1758386529026
[debug] [2026-06-08T13:15:45.694Z] Checked if tokens are valid: false, expires at: 1758386529026
[debug] [2026-06-08T13:15:45.695Z] > refreshing access token with scopes: []
[debug] [2026-06-08T13:15:45.702Z] >>> [apiv2][query] POST https://www.googleapis.com/oauth2/v3/token [none]
[debug] [2026-06-08T13:15:45.702Z] >>> [apiv2][body] POST https://www.googleapis.com/oauth2/v3/token [omitted]
[debug] [2026-06-08T13:15:46.230Z] <<< [apiv2][status] POST https://www.googleapis.com/oauth2/v3/token 400
[debug] [2026-06-08T13:15:46.230Z] <<< [apiv2][body] POST https://www.googleapis.com/oauth2/v3/token [omitted]
[debug] [2026-06-08T13:15:46.231Z] >>> [apiv2][query] GET https://firebase.googleapis.com/v1beta1/projects/mudar-hussain [none]
[debug] [2026-06-08T13:15:46.737Z] <<< [apiv2][status] GET https://firebase.googleapis.com/v1beta1/projects/mudar-hussain 401
[debug] [2026-06-08T13:15:46.737Z] <<< [apiv2][body] GET https://firebase.googleapis.com/v1beta1/projects/mudar-hussain {"error":{"code":401,"message":"Request had invalid authentication credentials. Expected OAuth 2 access token, login cookie or other valid authentication credential. See https://developers.google.com/identity/sign-in/web/devconsole-project.","status":"UNAUTHENTICATED"}}
[debug] [2026-06-08T13:15:46.737Z] Got a 401 Unauthenticated error for a call that required authentication. Refreshing tokens.
[debug] [2026-06-08T13:15:46.738Z] Checked if tokens are valid: false, expires at: 1758386529026
[debug] [2026-06-08T13:15:46.738Z] Checked if tokens are valid: false, expires at: 1758386529026
[debug] [2026-06-08T13:15:46.738Z] > refreshing access token with scopes: []
[debug] [2026-06-08T13:15:46.738Z] >>> [apiv2][query] POST https://www.googleapis.com/oauth2/v3/token [none]
[debug] [2026-06-08T13:15:46.738Z] >>> [apiv2][body] POST https://www.googleapis.com/oauth2/v3/token [omitted]
[debug] [2026-06-08T13:15:46.943Z] <<< [apiv2][status] POST https://www.googleapis.com/oauth2/v3/token 400
[debug] [2026-06-08T13:15:46.943Z] <<< [apiv2][body] POST https://www.googleapis.com/oauth2/v3/token [omitted]
[debug] [2026-06-08T13:15:46.944Z] Request to https://firebase.googleapis.com/v1beta1/projects/mudar-hussain had HTTP Error: 401, Request had invalid authentication credentials. Expected OAuth 2 access token, login cookie or other valid authentication credential. See https://developers.google.com/identity/sign-in/web/devconsole-project.
[debug] [2026-06-08T13:15:46.951Z] FirebaseError: Request to https://firebase.googleapis.com/v1beta1/projects/mudar-hussain had HTTP Error: 401, Request had invalid authentication credentials. Expected OAuth 2 access token, login cookie or other valid authentication credential. See https://developers.google.com/identity/sign-in/web/devconsole-project.
    at responseToError (C:\Users\mudar\AppData\Roaming\npm\node_modules\firebase-tools\lib\responseToError.js:52:12)
    at RetryOperation._fn (C:\Users\mudar\AppData\Roaming\npm\node_modules\firebase-tools\lib\apiv2.js:312:77)
    at process.processTicksAndRejections (node:internal/process/task_queues:105:5)
[error] 
[error] Error: Failed to get Firebase project mudar-hussain. Please make sure the project exists and your account has permission to access it.
[debug] [2026-06-08T13:16:18.986Z] ----------------------------------------------------------------------
[debug] [2026-06-08T13:16:18.989Z] Command:       C:\Program Files\nodejs\node.exe C:\Users\mudar\AppData\Roaming\npm\node_modules\firebase-tools\lib\bin\firebase.js init
[debug] [2026-06-08T13:16:18.989Z] CLI Version:   14.11.1
[debug] [2026-06-08T13:16:18.989Z] Platform:      win32
[debug] [2026-06-08T13:16:18.989Z] Node Version:  v22.17.1
[debug] [2026-06-08T13:16:18.990Z] Time:          Mon Jun 08 2026 18:46:18 GMT+0530 (India Standard Time)
[debug] [2026-06-08T13:16:18.990Z] ----------------------------------------------------------------------
[debug] 
[debug] [2026-06-08T13:16:19.185Z] > command requires scopes: ["email","openid","https://www.googleapis.com/auth/cloudplatformprojects.readonly","https://www.googleapis.com/auth/firebase","https://www.googleapis.com/auth/cloud-platform"]
[debug] [2026-06-08T13:16:19.186Z] > authorizing via signed-in user (mudar.shussain@gmail.com)
[info] 
     ######## #### ########  ######## ########     ###     ######  ########
     ##        ##  ##     ## ##       ##     ##  ##   ##  ##       ##
     ######    ##  ########  ######   ########  #########  ######  ######
     ##        ##  ##    ##  ##       ##     ## ##     ##       ## ##
     ##       #### ##     ## ######## ########  ##     ##  ######  ########

You're about to initialize a Firebase project in this directory:

  C:\Users\mudar\IdeaProjects\MudarHussain

Before we get started, keep in mind:

  * You are initializing within an existing Firebase project directory

[info] 
=== Project Setup
[info] 
[info] First, let's associate this project directory with a Firebase project.
[info] You can create multiple project aliases by running firebase use --add, 
[info] but for now we'll just set up a default project.
[info] 
[debug] [2026-06-08T13:16:38.751Z] Using project from CLI flag: mudar-hussain
[debug] [2026-06-08T13:16:38.752Z] Checked if tokens are valid: false, expires at: 1758386529026
[debug] [2026-06-08T13:16:38.752Z] Checked if tokens are valid: false, expires at: 1758386529026
[debug] [2026-06-08T13:16:38.752Z] > refreshing access token with scopes: []
[debug] [2026-06-08T13:16:38.754Z] >>> [apiv2][query] POST https://www.googleapis.com/oauth2/v3/token [none]
[debug] [2026-06-08T13:16:38.754Z] >>> [apiv2][body] POST https://www.googleapis.com/oauth2/v3/token [omitted]
[debug] [2026-06-08T13:16:39.188Z] <<< [apiv2][status] POST https://www.googleapis.com/oauth2/v3/token 400
[debug] [2026-06-08T13:16:39.188Z] <<< [apiv2][body] POST https://www.googleapis.com/oauth2/v3/token [omitted]
[debug] [2026-06-08T13:16:39.189Z] >>> [apiv2][query] GET https://firebase.googleapis.com/v1beta1/projects/mudar-hussain [none]
[debug] [2026-06-08T13:16:39.545Z] <<< [apiv2][status] GET https://firebase.googleapis.com/v1beta1/projects/mudar-hussain 401
[debug] [2026-06-08T13:16:39.545Z] <<< [apiv2][body] GET https://firebase.googleapis.com/v1beta1/projects/mudar-hussain {"error":{"code":401,"message":"Request had invalid authentication credentials. Expected OAuth 2 access token, login cookie or other valid authentication credential. See https://developers.google.com/identity/sign-in/web/devconsole-project.","status":"UNAUTHENTICATED"}}
[debug] [2026-06-08T13:16:39.545Z] Got a 401 Unauthenticated error for a call that required authentication. Refreshing tokens.
[debug] [2026-06-08T13:16:39.545Z] Checked if tokens are valid: false, expires at: 1758386529026
[debug] [2026-06-08T13:16:39.545Z] Checked if tokens are valid: false, expires at: 1758386529026
[debug] [2026-06-08T13:16:39.545Z] > refreshing access token with scopes: []
[debug] [2026-06-08T13:16:39.545Z] >>> [apiv2][query] POST https://www.googleapis.com/oauth2/v3/token [none]
[debug] [2026-06-08T13:16:39.545Z] >>> [apiv2][body] POST https://www.googleapis.com/oauth2/v3/token [omitted]
[debug] [2026-06-08T13:16:39.774Z] <<< [apiv2][status] POST https://www.googleapis.com/oauth2/v3/token 400
[debug] [2026-06-08T13:16:39.774Z] <<< [apiv2][body] POST https://www.googleapis.com/oauth2/v3/token [omitted]
[debug] [2026-06-08T13:16:39.775Z] Request to https://firebase.googleapis.com/v1beta1/projects/mudar-hussain had HTTP Error: 401, Request had invalid authentication credentials. Expected OAuth 2 access token, login cookie or other valid authentication credential. See https://developers.google.com/identity/sign-in/web/devconsole-project.
[debug] [2026-06-08T13:16:39.776Z] FirebaseError: Request to https://firebase.googleapis.com/v1beta1/projects/mudar-hussain had HTTP Error: 401, Request had invalid authentication credentials. Expected OAuth 2 access token, login cookie or other valid authentication credential. See https://developers.google.com/identity/sign-in/web/devconsole-project.
    at responseToError (C:\Users\mudar\AppData\Roaming\npm\node_modules\firebase-tools\lib\responseToError.js:52:12)
    at RetryOperation._fn (C:\Users\mudar\AppData\Roaming\npm\node_modules\firebase-tools\lib\apiv2.js:312:77)
    at process.processTicksAndRejections (node:internal/process/task_queues:105:5)
[error] 
[error] Error: Failed to get Firebase project mudar-hussain. Please make sure the project exists and your account has permission to access it.
